{"holder_name":"string","number":"string","ccv":"int","expire_date":"string"}