{"swift":"string","iban":"string","name":"string"}